[trustedsound.com/index.html]
[backblue.gif]
[fade.gif]
[index.html]
[trustedsound.com/rw_common/themes/alpha/javascript.js]
[trustedsound.com/rw_common/themes/alpha/images/body_grad.png]
[trustedsound.com/rw_common/themes/alpha/images/header_top_grad.png]
[trustedsound.com/rw_common/images/AV.png]
[trustedsound.com/overview.html]
[trustedsound.com/mission.html]
[trustedsound.com/about/history.html]
[trustedsound.com/futures/index.html]
[trustedsound.com/Contact/SendEmail.html]
[trustedsound.com/index.html]
[trustedsound.com/rw_common/themes/alpha/images/category.png]
[trustedsound.com/rw_common/themes/alpha/images/rss_icon.png]
[trustedsound.com/rw_common/themes/alpha/images/comments.png]
[trustedsound.com/rw_common/themes/alpha/images/trackback.png]
[trustedsound.com/rw_common/themes/alpha/styles.css]
[trustedsound.com/rw_common/themes/alpha/colourtag.css]
[trustedsound.com/rw_common/themes/alpha/images/sidebar_bg.png]
[trustedsound.com/rw_common/themes/alpha/print.css]
[trustedsound.com/rw_common/themes/alpha/handheld.css]
[trustedsound.com/rw_common/themes/alpha/css/width/1000.css]
[trustedsound.com/rw_common/themes/alpha/css/sidebar/sidebar_hide.css]
[trustedsound.com/about/mission.html]
[trustedsound.com/futures/overview.html]
[trustedsound.com/overview.html]
[trustedsound.com/mission.html]
[trustedsound.com/digital-av-sdk/index.html]
[trustedsound.com/about/history.html]
[trustedsound.com/SDK/AV-Sample.html]
[trustedsound.com/futures/index.html]
[trustedsound.com/Contact/SendEmail.html]
[trustedsound.com/rw_common/themes/alpha/images/sidebar_bg.html]
[trustedsound.com/about/mission.html]
[trustedsound.com/futures/overview.html]
[ajax.googleapis.com/ajax/libs/jquery/1.9.1/jquery.min.js]
[trustedsound.com/digital-av-sdk/HTML-KickStart/js/kickstart.js]
[trustedsound.com/digital-av-sdk/sdk-overview.html]
[trustedsound.com/digital-av-sdk/sdk-contents.html]
[trustedsound.com/digital-av-sdk/sdk-document.html]
[trustedsound.com/digital-av-sdk/sdk-document-x07.html]
[trustedsound.com/digital-av-sdk/sdk-show-pos.html]
[trustedsound.com/digital-av-sdk/sdk-show-License.html]
[trustedsound.com/digital-av-sdk/sdk-show-golang.html]
[trustedsound.com/digital-av-sdk/sdk-show-golang-stylesheet.html]
[trustedsound.com/digital-av-sdk/sdk-show-writ.html]
[trustedsound.com/digital-av-sdk/sdk-show-lexicon.html]
[trustedsound.com/digital-av-sdk/sdk-show-posx.html]
[trustedsound.com/digital-av-sdk/sdk-show-bom.html]
[trustedsound.com/digital-av-sdk/index.html]
[trustedsound.com/rw_common/themes/alpha/colourtag-page5.css]
[trustedsound.com/home.html]
[trustedsound.com/SDK/index.html]
[trustedsound.com/perspective.html]
[trustedsound.com/SDK/AV-Sample.html]
[trustedsound.com/digital-av-sdk/HTML-KickStart/css/img/icon-arrow-right.png]
[trustedsound.com/digital-av-sdk/HTML-KickStart/css/img/breadcrumbs-bg.gif]
[trustedsound.com/digital-av-sdk/HTML-KickStart/css/kickstart.css]
[trustedsound.com/digital-av-sdk/sdk-overview.html]
[trustedsound.com/digital-av-sdk/sdk-contents.html]
[trustedsound.com/digital-av-sdk/Digital-AV.pdf]
[trustedsound.com/digital-av-sdk/sdk-document.html]
[trustedsound.com/digital-av-sdk/Digital-AV-X07.pdf]
[trustedsound.com/digital-av-sdk/sdk-document-x07.html]
[trustedsound.com/digital-av-sdk/AV-Part-of-Speech.pdf]
[trustedsound.com/digital-av-sdk/sdk-show-pos.html]
[trustedsound.com/digital-av-sdk/sdk-show-License.html]
[trustedsound.com/digital-av-sdk/sdk-show-golang.html]
[trustedsound.com/digital-av-sdk/AV-Stylesheet.css]
[trustedsound.com/digital-av-sdk/sdk-show-golang-stylesheet.html]
[trustedsound.com/digital-av-sdk/AV-Writ.txt]
[trustedsound.com/digital-av-sdk/sdk-show-writ.html]
[trustedsound.com/digital-av-sdk/AV-Lexicon.txt]
[trustedsound.com/digital-av-sdk/sdk-show-lexicon.html]
[trustedsound.com/digital-av-sdk/AVX-POS.txt]
[trustedsound.com/digital-av-sdk/sdk-show-posx.html]
[trustedsound.com/digital-av-sdk/sdk-show-bom.html]
[trustedsound.com/home.html]
[trustedsound.com/SDK/AV-Documentation.html]
[trustedsound.com/SDK/Part-of-Speech.html]
[trustedsound.com/SDK/AV-License.html]
[trustedsound.com/SDK/AV-Stylesheet.html]
[trustedsound.com/SDK/AV-Writ.html]
[trustedsound.com/SDK/AV-Lemma.VLT]
[trustedsound.com/SDK/index.html]
[trustedsound.com/SDK-2011/index.html]
[trustedsound.com/perspective.html]
[trustedsound.com/digital-av-sdk/HTML-KickStart/css/kickstart-buttons.css]
[trustedsound.com/digital-av-sdk/HTML-KickStart/css/kickstart-forms.css]
[trustedsound.com/digital-av-sdk/HTML-KickStart/css/kickstart-menus.css]
[trustedsound.com/digital-av-sdk/HTML-KickStart/css/kickstart-grid.css]
[trustedsound.com/digital-av-sdk/HTML-KickStart/css/img/fancybox/fancybox.png]
[trustedsound.com/digital-av-sdk/HTML-KickStart/css/img/fancybox/blank.gif]
[trustedsound.com/SDK/sis.html]
[trustedsound.com/digital-av-sdk/HTML-KickStart/css/img/fancybox/fancybox-x.png]
[trustedsound.com/digital-av-sdk/HTML-KickStart/css/img/fancybox/fancybox-y.png]
[trustedsound.com/digital-av-sdk/HTML-KickStart/css/img/fancybox/fancy_title_over.png]
[trustedsound.com/digital-av-sdk/HTML-KickStart/css/img/fancybox/fancy_close.png]
[trustedsound.com/digital-av-sdk/HTML-KickStart/css/img/fancybox/fancy_nav_left.png]
[trustedsound.com/digital-av-sdk/HTML-KickStart/css/img/fancybox/fancy_nav_right.png]
[trustedsound.com/digital-av-sdk/HTML-KickStart/css/img/fancybox/fancy_title_left.png]
[trustedsound.com/digital-av-sdk/HTML-KickStart/css/img/fancybox/fancy_title_main.png]
[trustedsound.com/digital-av-sdk/HTML-KickStart/css/img/fancybox/fancy_title_right.png]
[trustedsound.com/digital-av-sdk/HTML-KickStart/css/img/fancybox/fancy_loading.png]
[trustedsound.com/digital-av-sdk/HTML-KickStart/css/img/fancybox/fancy_shadow_n.png]
[trustedsound.com/digital-av-sdk/HTML-KickStart/css/img/fancybox/fancy_shadow_ne.png]
[trustedsound.com/digital-av-sdk/HTML-KickStart/css/img/fancybox/fancy_shadow_e.png]
[trustedsound.com/digital-av-sdk/HTML-KickStart/css/img/fancybox/fancy_shadow_se.png]
[trustedsound.com/digital-av-sdk/HTML-KickStart/css/img/fancybox/fancy_shadow_s.png]
[trustedsound.com/digital-av-sdk/HTML-KickStart/css/img/fancybox/fancy_shadow_sw.png]
[trustedsound.com/digital-av-sdk/HTML-KickStart/css/img/fancybox/fancy_shadow_w.png]
[trustedsound.com/digital-av-sdk/HTML-KickStart/css/jquery.fancybox-1.3.4.css]
[trustedsound.com/digital-av-sdk/HTML-KickStart/css/img/fancybox/fancy_shadow_nw.png]
[trustedsound.com/digital-av-sdk/HTML-KickStart/css/img/bx_loader.gif]
[trustedsound.com/digital-av-sdk/HTML-KickStart/css/kickstart-slideshow.css]
[trustedsound.com/digital-av-sdk/HTML-KickStart/css/prettify.css]
[trustedsound.com/digital-av-sdk/HTML-KickStart/css/tiptip.css]
[trustedsound.com/digital-av-sdk/HTML-KickStart/css/img/controls.png]
[trustedsound.com/digital-av-sdk/HTML-KickStart/css/fonts/font-awesome-4.2.0/fonts/fontawesome-webfont78ce.eot]
[trustedsound.com/digital-av-sdk/HTML-KickStart/css/fonts/font-awesome-4.2.0/fonts/fontawesome-webfontd41d.eot]
[trustedsound.com/digital-av-sdk/HTML-KickStart/css/fonts/font-awesome-4.2.0/fonts/fontawesome-webfont78ce.woff]
[trustedsound.com/digital-av-sdk/HTML-KickStart/css/fonts/font-awesome-4.2.0/fonts/fontawesome-webfont78ce.ttf]
[trustedsound.com/digital-av-sdk/HTML-KickStart/css/fonts/font-awesome-4.2.0/css/font-awesome.min.css]
[trustedsound.com/digital-av-sdk/Digital-AV.html]
[trustedsound.com/digital-av-sdk/Digital-AV-X07.html]
[trustedsound.com/digital-av-sdk/AV-Part-of-Speech.html]
[trustedsound.com/digital-av-sdk/AV-Stylesheet.html]
[trustedsound.com/digital-av-sdk/AV-Writ.html]
[trustedsound.com/digital-av-sdk/AV-Lexicon.html]
[trustedsound.com/digital-av-sdk/AVX-POS.html]
[trustedsound.com/SDK/AV-Documentation.html]
[trustedsound.com/SDK/Digital-AV.pdf]
[trustedsound.com/SDK/Part-of-Speech for Digital-AV.pdf]
[trustedsound.com/SDK/Part-of-Speech.html]
[trustedsound.com/SDK/AV-License.html]
[trustedsound.com/SDK/AV-Stylesheet.html]
[trustedsound.com/SDK/AV-Writ.html]
[trustedsound.com/SDK/AV-Writ-2.html]
[trustedsound.com/SDK/AV-Writ-3.html]
[trustedsound.com/SDK/AV-Writ-4.html]
[trustedsound.com/SDK/AV-Book.html]
[trustedsound.com/SDK/AV-Chapter.html]
[trustedsound.com/SDK/AV-Lemma.html]
[trustedsound.com/SDK/AV-Lexicon.html]
[trustedsound.com/SDK/AVX-Lexicon.html]
[trustedsound.com/SDK/AVX-Lexicon-2.html]
[trustedsound.com/SDK/AV-Lexicon-2.html]
[trustedsound.com/SDK/AVX-POS.html]
[trustedsound.com/SDK/AV-Inventory.html]
[trustedsound.com/SDK/clarity.fld/filelist.6d.delayed]
[trustedsound.com/SDK/clarity.fld/themedata.thmx]
[trustedsound.com/SDK/clarity.fld/colorschememapping.xml]
[trustedsound.com/SDK/clarity.fld/header.html]
[trustedsound.com/SDK/sis.html]
[trustedsound.com/SDK-2011/index.html]
[trustedsound.com/digital-av-sdk/HTML-KickStart/css/fonts/font-awesome-4.2.0/fonts/fontawesome-webfont78ce.svg]
[trustedsound.com/SDK/AV-License-2.html]
[trustedsound.com/SDK/clarity.fld/filelist.html]
[trustedsound.com/SDK/clarity.fld/themedata.html]
[trustedsound.com/SDK/clarity.fld/colorschememapping.html]
[trustedsound.com/SDK/clarity.fld/header.html]
[avtext.org/SDK/AV-Stylesheet.css]
